10:04:07 **** Incremental Build of configuration Debug for project External_Event_Counting ****
make -j4 all 
arm-none-eabi-gcc "../Core/Src/main.c" -mcpu=cortex-m4 -std=gnu11 -g3 -DDEBUG -DUSE_HAL_DRIVER -DSTM32F401xC -c -I../Core/Inc -I../Drivers/STM32F4xx_HAL_Driver/Inc -I../Drivers/STM32F4xx_HAL_Driver/Inc/Legacy -I../Drivers/CMSIS/Device/ST/STM32F4xx/Include -I../Drivers/CMSIS/Include -O0 -ffunction-sections -fdata-sections -Wall -fstack-usage -fcyclomatic-complexity -MMD -MP -MF"Core/Src/main.d" -MT"Core/Src/main.o" --specs=nano.specs -mfpu=fpv4-sp-d16 -mfloat-abi=hard -mthumb -o "Core/Src/main.o"
arm-none-eabi-gcc -o "External_Event_Counting.elf" @"objects.list"   -mcpu=cortex-m4 -T"C:\Users\yunusyosaf\Documents\STM32Workspace\External_Event_Counting\STM32F401CCUX_FLASH.ld" --specs=nosys.specs -Wl,-Map="External_Event_Counting.map" -Wl,--gc-sections -static --specs=nano.specs -mfpu=fpv4-sp-d16 -mfloat-abi=hard -mthumb -Wl,--start-group -lc -lm -Wl,--end-group
Finished building target: External_Event_Counting.elf
 
arm-none-eabi-size  External_Event_Counting.elf 
arm-none-eabi-objdump -h -S External_Event_Counting.elf  > "External_Event_Counting.list"
arm-none-eabi-objcopy  -O ihex External_Event_Counting.elf  "External_Event_Counting.hex"
   text	   data	    bss	    dec	    hex	filename
  13392	     92	   2044	  15528	   3ca8	External_Event_Counting.elf
Finished building: default.size.stdout
 
Finished building: External_Event_Counting.hex
Finished building: External_Event_Counting.list
 
 

10:04:08 Build Finished. 0 errors, 0 warnings. (took 1s.613ms)

