16:39:15 **** Incremental Build of configuration Debug for project FreeRTOS ****
make -j4 all 
arm-none-eabi-gcc "../Core/Src/main.c" -mcpu=cortex-m4 -std=gnu11 -g3 -DDEBUG -DUSE_HAL_DRIVER -DSTM32F401xC -c -I../Core/Inc -I../Drivers/STM32F4xx_HAL_Driver/Inc -I../Drivers/STM32F4xx_HAL_Driver/Inc/Legacy -I../Drivers/CMSIS/Device/ST/STM32F4xx/Include -I../Drivers/CMSIS/Include -I../Middlewares/Third_Party/FreeRTOS/Source/include -I../Middlewares/Third_Party/FreeRTOS/Source/CMSIS_RTOS_V2 -I../Middlewares/Third_Party/FreeRTOS/Source/portable/GCC/ARM_CM4F -O0 -ffunction-sections -fdata-sections -Wall -fstack-usage -fcyclomatic-complexity -MMD -MP -MF"Core/Src/main.d" -MT"Core/Src/main.o" --specs=nano.specs -mfpu=fpv4-sp-d16 -mfloat-abi=hard -mthumb -o "Core/Src/main.o"
arm-none-eabi-gcc -o "FreeRTOS.elf" @"objects.list"   -mcpu=cortex-m4 -T"C:\Users\yunusyosaf\Documents\STM32Workspace\FreeRTOS\STM32F401CCUX_FLASH.ld" --specs=nosys.specs -Wl,-Map="FreeRTOS.map" -Wl,--gc-sections -static --specs=nano.specs -mfpu=fpv4-sp-d16 -mfloat-abi=hard -mthumb -Wl,--start-group -lc -lm -Wl,--end-group
Finished building target: FreeRTOS.elf
 
arm-none-eabi-size  FreeRTOS.elf 
arm-none-eabi-objdump -h -S FreeRTOS.elf  > "FreeRTOS.list"
arm-none-eabi-objcopy  -O ihex FreeRTOS.elf  "FreeRTOS.hex"
   text	   data	    bss	    dec	    hex	filename
  23040	     16	  20488	  43544	   aa18	FreeRTOS.elf
Finished building: default.size.stdout
 
Finished building: FreeRTOS.hex
 
Finished building: FreeRTOS.list
 

16:39:17 Build Finished. 0 errors, 0 warnings. (took 1s.978ms)

