15:21:44 **** Incremental Build of configuration Debug for project Internal_Timer ****
make -j4 all 
arm-none-eabi-gcc "../Core/Src/main.c" -mcpu=cortex-m4 -std=gnu11 -g3 -DDEBUG -DUSE_HAL_DRIVER -DSTM32F401xC -c -I../Core/Inc -I../Drivers/STM32F4xx_HAL_Driver/Inc -I../Drivers/STM32F4xx_HAL_Driver/Inc/Legacy -I../Drivers/CMSIS/Device/ST/STM32F4xx/Include -I../Drivers/CMSIS/Include -O0 -ffunction-sections -fdata-sections -Wall -fstack-usage -fcyclomatic-complexity -MMD -MP -MF"Core/Src/main.d" -MT"Core/Src/main.o" --specs=nano.specs -mfpu=fpv4-sp-d16 -mfloat-abi=hard -mthumb -o "Core/Src/main.o"
arm-none-eabi-gcc -o "Internal_Timer.elf" @"objects.list"   -mcpu=cortex-m4 -T"C:\Users\yunusyosaf\Documents\STM32Workspace\Internal_Timer\STM32F401CCUX_FLASH.ld" --specs=nosys.specs -Wl,-Map="Internal_Timer.map" -Wl,--gc-sections -static --specs=nano.specs -mfpu=fpv4-sp-d16 -mfloat-abi=hard -mthumb -Wl,--start-group -lc -lm -Wl,--end-group
Finished building target: Internal_Timer.elf
 
arm-none-eabi-size  Internal_Timer.elf 
arm-none-eabi-objdump -h -S Internal_Timer.elf  > "Internal_Timer.list"
arm-none-eabi-objcopy  -O ihex Internal_Timer.elf  "Internal_Timer.hex"
   text	   data	    bss	    dec	    hex	filename
   8388	     12	   1644	  10044	   273c	Internal_Timer.elf
Finished building: default.size.stdout
 
Finished building: Internal_Timer.hex
 
Finished building: Internal_Timer.list
 

15:21:46 Build Finished. 0 errors, 0 warnings. (took 2s.17ms)

