15:04:52 **** Incremental Build of configuration Debug for project STm32F401CCU6_GPIO_Test ****
make -j4 all 
arm-none-eabi-gcc "../Core/Src/main.c" -mcpu=cortex-m4 -std=gnu11 -g3 -DDEBUG -DUSE_HAL_DRIVER -DSTM32F401xC -c -I../Core/Inc -I../Drivers/STM32F4xx_HAL_Driver/Inc -I../Drivers/STM32F4xx_HAL_Driver/Inc/Legacy -I../Drivers/CMSIS/Device/ST/STM32F4xx/Include -I../Drivers/CMSIS/Include -O0 -ffunction-sections -fdata-sections -Wall -fstack-usage -fcyclomatic-complexity -MMD -MP -MF"Core/Src/main.d" -MT"Core/Src/main.o" --specs=nano.specs -mfpu=fpv4-sp-d16 -mfloat-abi=hard -mthumb -o "Core/Src/main.o"
arm-none-eabi-gcc -o "STm32F401CCU6_GPIO_Test.elf" @"objects.list"   -mcpu=cortex-m4 -T"C:\Users\yunusyosaf\Documents\STM32Workspace\STm32F401CCU6_GPIO_Test\STM32F401CCUX_FLASH.ld" --specs=nosys.specs -Wl,-Map="STm32F401CCU6_GPIO_Test.map" -Wl,--gc-sections -static --specs=nano.specs -mfpu=fpv4-sp-d16 -mfloat-abi=hard -mthumb -Wl,--start-group -lc -lm -Wl,--end-group
Finished building target: STm32F401CCU6_GPIO_Test.elf
 
arm-none-eabi-size  STm32F401CCU6_GPIO_Test.elf 
arm-none-eabi-objdump -h -S STm32F401CCU6_GPIO_Test.elf  > "STm32F401CCU6_GPIO_Test.list"
arm-none-eabi-objcopy  -O ihex STm32F401CCU6_GPIO_Test.elf  "STm32F401CCU6_GPIO_Test.hex"
   text	   data	    bss	    dec	    hex	filename
   6032	     12	   1572	   7616	   1dc0	STm32F401CCU6_GPIO_Test.elf
arm-none-eabi-objcopy  -O binary STm32F401CCU6_GPIO_Test.elf  "STm32F401CCU6_GPIO_Test.bin"
Finished building: default.size.stdout
 
Finished building: STm32F401CCU6_GPIO_Test.list
Finished building: STm32F401CCU6_GPIO_Test.bin
Finished building: STm32F401CCU6_GPIO_Test.hex
 
 
 

15:04:54 Build Finished. 0 errors, 0 warnings. (took 1s.619ms)

