11:47:07 **** Incremental Build of configuration Debug for project STm32F401CCU6_GPIO_Test ****
make -j4 all 
arm-none-eabi-gcc -o "STm32F401CCU6_GPIO_Test.elf" @"objects.list"   -mcpu=cortex-m4 -T"C:\Users\yunusyosaf\Documents\STM32Workspace\STm32F401CCU6_GPIO_Test\STM32F401CCUX_FLASH.ld" --specs=nosys.specs -Wl,-Map="STm32F401CCU6_GPIO_Test.map" -Wl,--gc-sections -static --specs=nano.specs -mfpu=fpv4-sp-d16 -mfloat-abi=hard -mthumb -Wl,--start-group -lc -lm -Wl,--end-group
Finished building target: STm32F401CCU6_GPIO_Test.elf
 
arm-none-eabi-size  STm32F401CCU6_GPIO_Test.elf 
arm-none-eabi-objdump -h -S STm32F401CCU6_GPIO_Test.elf  > "STm32F401CCU6_GPIO_Test.list"
arm-none-eabi-objcopy  -O ihex STm32F401CCU6_GPIO_Test.elf  "STm32F401CCU6_GPIO_Test.hex"
arm-none-eabi-objcopy  -O binary STm32F401CCU6_GPIO_Test.elf  "STm32F401CCU6_GPIO_Test.bin"
   text	   data	    bss	    dec	    hex	filename
   6048	     12	   1572	   7632	   1dd0	STm32F401CCU6_GPIO_Test.elf
Finished building: default.size.stdout
 
Finished building: STm32F401CCU6_GPIO_Test.list
Finished building: STm32F401CCU6_GPIO_Test.bin
Finished building: STm32F401CCU6_GPIO_Test.hex
 
 
 

11:47:11 Build Finished. 0 errors, 0 warnings. (took 4s.618ms)

